Job is running on soctf-pdc-024.d1.comp.nus.edu.sg, started at Sun Nov 19 01:41:59 AM +08 2023
Running make to compile your code...
make: Nothing to be done for 'all'.
Created temporary file on soctf-pdc-024.d1.comp.nus.edu.sg for job output evaluation after this run at /tmp/109861.txt
Running...
+ tee /tmp/109861.txt
+ mpirun --map-by core --bind-to core ./distr-sched-seq 6 0 10 0.16 tests/thesun.in
EXECUTION TRACE: Task #2718281828: depth 0, type 2, seed 2718281828, output 1781211269 (1 descendants)
EXECUTION TRACE: Task #1618033988: depth 0, type 1, seed 1618033988, output 53440 (1 descendants)
EXECUTION TRACE: Task #4058104625: depth 1, type 3, seed 4058104625, output 7886 (1 descendants)
EXECUTION TRACE: Task #2285740015: depth 1, type 1, seed 2285740015, output 80335 (2 descendants)
EXECUTION TRACE: Task #2104450896: depth 2, type 2, seed 2104450896, output 2709202317 (3 descendants)
EXECUTION TRACE: Task #226440632: depth 2, type 4, seed 226440632, output 895771442 (2 descendants)
EXECUTION TRACE: Task #3972744737: depth 2, type 1, seed 3972744737, output 22376 (3 descendants)
EXECUTION TRACE: Task #3543231979: depth 3, type 2, seed 3543231979, output 1862919517 (2 descendants)
EXECUTION TRACE: Task #395701628: depth 3, type 5, seed 395701628, output 651992846 (2 descendants)
EXECUTION TRACE: Task #894633691: depth 3, type 5, seed 894633691, output 1350800739 (1 descendants)
EXECUTION TRACE: Task #2546997666: depth 3, type 4, seed 2546997666, output 1681011250 (0 descendants)
EXECUTION TRACE: Task #1860003006: depth 3, type 2, seed 1860003006, output 1164119075 (1 descendants)
EXECUTION TRACE: Task #558227679: depth 3, type 1, seed 558227679, output 30796 (3 descendants)
EXECUTION TRACE: Task #363168956: depth 3, type 3, seed 363168956, output 10739 (1 descendants)
EXECUTION TRACE: Task #875526193: depth 3, type 5, seed 875526193, output 2562273138 (4 descendants)
EXECUTION TRACE: Task #338152781: depth 4, type 3, seed 338152781, output 8741 (2 descendants)
EXECUTION TRACE: Task #3550353984: depth 4, type 3, seed 3550353984, output 11881 (3 descendants)
EXECUTION TRACE: Task #4195931056: depth 4, type 3, seed 4195931056, output 21162 (1 descendants)
EXECUTION TRACE: Task #1293646092: depth 4, type 3, seed 1293646092, output 7739 (3 descendants)
EXECUTION TRACE: Task #3959941749: depth 4, type 4, seed 3959941749, output 892743737 (1 descendants)
EXECUTION TRACE: Task #1139702167: depth 4, type 4, seed 1139702167, output 1647457382 (1 descendants)
EXECUTION TRACE: Task #896825887: depth 4, type 1, seed 896825887, output 15829 (1 descendants)
EXECUTION TRACE: Task #533387515: depth 4, type 2, seed 533387515, output 4231361825 (2 descendants)
EXECUTION TRACE: Task #3916270121: depth 4, type 2, seed 3916270121, output 3032441093 (1 descendants)
EXECUTION TRACE: Task #35546034: depth 4, type 2, seed 35546034, output 3000048194 (1 descendants)
EXECUTION TRACE: Task #4187625808: depth 4, type 1, seed 4187625808, output 56981 (2 descendants)
EXECUTION TRACE: Task #1999527812: depth 4, type 1, seed 1999527812, output 70107 (1 descendants)
EXECUTION TRACE: Task #3815455812: depth 4, type 1, seed 3815455812, output 3328 (2 descendants)
EXECUTION TRACE: Task #1851014418: depth 4, type 4, seed 1851014418, output 1701143348 (2 descendants)
EXECUTION TRACE: Task #862962950: depth 5, type 1, seed 862962950, output 40821 (3 descendants)
EXECUTION TRACE: Task #1792897436: depth 5, type 2, seed 1792897436, output 812777337 (2 descendants)
EXECUTION TRACE: Task #1756941860: depth 5, type 5, seed 1756941860, output 3550889532 (4 descendants)
EXECUTION TRACE: Task #1131806526: depth 5, type 1, seed 1131806526, output 67457 (1 descendants)
EXECUTION TRACE: Task #1178295907: depth 5, type 2, seed 1178295907, output 835291610 (2 descendants)
EXECUTION TRACE: Task #1237603427: depth 5, type 3, seed 1237603427, output 15521 (0 descendants)
EXECUTION TRACE: Task #2547632065: depth 5, type 3, seed 2547632065, output 15017 (2 descendants)
EXECUTION TRACE: Task #929124349: depth 5, type 5, seed 929124349, output 2737291972 (2 descendants)
EXECUTION TRACE: Task #3758299324: depth 5, type 5, seed 3758299324, output 1153783994 (2 descendants)
EXECUTION TRACE: Task #3901031412: depth 5, type 1, seed 3901031412, output 19508 (3 descendants)
EXECUTION TRACE: Task #4186821420: depth 5, type 5, seed 4186821420, output 724217208 (2 descendants)
EXECUTION TRACE: Task #4015797306: depth 5, type 2, seed 4015797306, output 3609694469 (2 descendants)
EXECUTION TRACE: Task #171766735: depth 5, type 4, seed 171766735, output 1714631009 (3 descendants)
EXECUTION TRACE: Task #3700564926: depth 5, type 5, seed 3700564926, output 1769535200 (2 descendants)
EXECUTION TRACE: Task #3239981970: depth 5, type 1, seed 3239981970, output 67552 (1 descendants)
EXECUTION TRACE: Task #3620068119: depth 5, type 5, seed 3620068119, output 114183689 (0 descendants)
EXECUTION TRACE: Task #2960179814: depth 5, type 1, seed 2960179814, output 5649 (0 descendants)
EXECUTION TRACE: Task #4021109172: depth 5, type 4, seed 4021109172, output 912406884 (0 descendants)
EXECUTION TRACE: Task #2377029915: depth 5, type 1, seed 2377029915, output 68316 (3 descendants)
EXECUTION TRACE: Task #3107872013: depth 5, type 5, seed 3107872013, output 569805997 (0 descendants)
EXECUTION TRACE: Task #3557451345: depth 5, type 5, seed 3557451345, output 1628808212 (3 descendants)
EXECUTION TRACE: Task #3738764440: depth 5, type 2, seed 3738764440, output 2046809524 (1 descendants)
EXECUTION TRACE: Task #1180306590: depth 5, type 5, seed 1180306590, output 1558866116 (1 descendants)
EXECUTION TRACE: Task #1135733387: depth 6, type 4, seed 1135733387, output 962869350 (0 descendants)
EXECUTION TRACE: Task #386806377: depth 6, type 4, seed 386806377, output 875849057 (0 descendants)
EXECUTION TRACE: Task #3623268642: depth 6, type 1, seed 3623268642, output 76268 (0 descendants)
EXECUTION TRACE: Task #3790961028: depth 6, type 2, seed 3790961028, output 898215235 (0 descendants)
EXECUTION TRACE: Task #2439499355: depth 6, type 1, seed 2439499355, output 67089 (0 descendants)
EXECUTION TRACE: Task #3302029582: depth 6, type 1, seed 3302029582, output 71539 (0 descendants)
EXECUTION TRACE: Task #1328671608: depth 6, type 5, seed 1328671608, output 1764090694 (0 descendants)
EXECUTION TRACE: Task #4174877246: depth 6, type 5, seed 4174877246, output 951888437 (0 descendants)
EXECUTION TRACE: Task #4196643424: depth 6, type 1, seed 4196643424, output 43362 (0 descendants)
EXECUTION TRACE: Task #3053837813: depth 6, type 4, seed 3053837813, output 962999865 (0 descendants)
EXECUTION TRACE: Task #4129688499: depth 6, type 4, seed 4129688499, output 842490725 (0 descendants)
EXECUTION TRACE: Task #1964131971: depth 6, type 3, seed 1964131971, output 11073 (0 descendants)
EXECUTION TRACE: Task #2880475215: depth 6, type 2, seed 2880475215, output 3083129905 (0 descendants)
EXECUTION TRACE: Task #823695378: depth 6, type 4, seed 823695378, output 945972529 (0 descendants)
EXECUTION TRACE: Task #3415082729: depth 6, type 2, seed 3415082729, output 864291313 (0 descendants)
EXECUTION TRACE: Task #2210325135: depth 6, type 3, seed 2210325135, output 8212 (0 descendants)
EXECUTION TRACE: Task #677896743: depth 6, type 5, seed 677896743, output 4179646371 (0 descendants)
EXECUTION TRACE: Task #797763582: depth 6, type 4, seed 797763582, output 1714435637 (0 descendants)
EXECUTION TRACE: Task #3638413578: depth 6, type 3, seed 3638413578, output 7208 (0 descendants)
EXECUTION TRACE: Task #4263974646: depth 6, type 4, seed 4263974646, output 859059302 (0 descendants)
EXECUTION TRACE: Task #2240246359: depth 6, type 1, seed 2240246359, output 25952 (0 descendants)
EXECUTION TRACE: Task #358669241: depth 6, type 5, seed 358669241, output 2833376981 (0 descendants)
EXECUTION TRACE: Task #4152299273: depth 6, type 4, seed 4152299273, output 1647587892 (0 descendants)
EXECUTION TRACE: Task #881373628: depth 6, type 5, seed 881373628, output 1613356230 (0 descendants)
EXECUTION TRACE: Task #1268902182: depth 6, type 3, seed 1268902182, output 15128 (0 descendants)
EXECUTION TRACE: Task #792061975: depth 6, type 2, seed 792061975, output 1541287203 (0 descendants)
EXECUTION TRACE: Task #554787211: depth 6, type 3, seed 554787211, output 16636 (0 descendants)
EXECUTION TRACE: Task #5507884: depth 6, type 2, seed 5507884, output 1247484000 (0 descendants)
EXECUTION TRACE: Task #2219038263: depth 6, type 2, seed 2219038263, output 2362143576 (0 descendants)
EXECUTION TRACE: Task #4161028478: depth 6, type 4, seed 4161028478, output 808857905 (0 descendants)
EXECUTION TRACE: Task #827110596: depth 6, type 5, seed 827110596, output 1959140710 (0 descendants)
EXECUTION TRACE: Task #1392287574: depth 6, type 3, seed 1392287574, output 8783 (0 descendants)
EXECUTION TRACE: Task #2963223442: depth 6, type 3, seed 2963223442, output 10147 (0 descendants)
EXECUTION TRACE: Task #982930849: depth 6, type 2, seed 982930849, output 182502489 (0 descendants)
EXECUTION TRACE: Task #1283986498: depth 6, type 1, seed 1283986498, output 78973 (0 descendants)
EXECUTION TRACE: Task #3768699669: depth 6, type 4, seed 3768699669, output 1647339061 (0 descendants)
EXECUTION TRACE: Task #1328279666: depth 6, type 5, seed 1328279666, output 2511864061 (0 descendants)
EXECUTION TRACE: Task #2584596163: depth 6, type 2, seed 2584596163, output 1246104755 (0 descendants)
EXECUTION TRACE: Task #2939418881: depth 6, type 4, seed 2939418881, output 825634870 (0 descendants)
========================== START EXECUTION METRIC BLOCK FOR VERIFICATION ==========================
Rank 0: 15931ms of 15976ms (0.99718) - completed: 20 19 15 18 19
Overall: 15931ms of 15976ms (0.99718) - completed: 20 19 15 18 19
FINAL RUNTIME: 15976ms
========================== END EXECUTION METRIC BLOCK FOR VERIFICATION ==========================
+ set +x
