Job is running on soctf-pdc-024.d1.comp.nus.edu.sg, started at Sun Nov 19 01:41:40 AM +08 2023
Running make to compile your code...
make: Nothing to be done for 'all'.
Created temporary file on soctf-pdc-024.d1.comp.nus.edu.sg for job output evaluation after this run at /tmp/109858.txt
Running...
+ tee /tmp/109858.txt
+ mpirun --map-by core --bind-to core ./distr-sched-seq 3 0 10 0.16 tests/thesun.in
EXECUTION TRACE: Task #2718281828: depth 0, type 2, seed 2718281828, output 1781211269 (1 descendants)
EXECUTION TRACE: Task #1618033988: depth 0, type 1, seed 1618033988, output 53440 (1 descendants)
EXECUTION TRACE: Task #4058104625: depth 1, type 3, seed 4058104625, output 7886 (1 descendants)
EXECUTION TRACE: Task #2285740015: depth 1, type 1, seed 2285740015, output 80335 (2 descendants)
EXECUTION TRACE: Task #2104450896: depth 2, type 2, seed 2104450896, output 2709202317 (3 descendants)
EXECUTION TRACE: Task #226440632: depth 2, type 4, seed 226440632, output 895771442 (2 descendants)
EXECUTION TRACE: Task #3972744737: depth 2, type 1, seed 3972744737, output 22376 (3 descendants)
EXECUTION TRACE: Task #3543231979: depth 3, type 2, seed 3543231979, output 1862919517 (0 descendants)
EXECUTION TRACE: Task #395701628: depth 3, type 5, seed 395701628, output 651992846 (0 descendants)
EXECUTION TRACE: Task #894633691: depth 3, type 5, seed 894633691, output 1350800739 (0 descendants)
EXECUTION TRACE: Task #2546997666: depth 3, type 4, seed 2546997666, output 1681011250 (0 descendants)
EXECUTION TRACE: Task #1860003006: depth 3, type 2, seed 1860003006, output 1164119075 (0 descendants)
EXECUTION TRACE: Task #558227679: depth 3, type 1, seed 558227679, output 30796 (0 descendants)
EXECUTION TRACE: Task #363168956: depth 3, type 3, seed 363168956, output 10739 (0 descendants)
EXECUTION TRACE: Task #875526193: depth 3, type 5, seed 875526193, output 2562273138 (0 descendants)
========================== START EXECUTION METRIC BLOCK FOR VERIFICATION ==========================
Rank 0: 1490ms of 1501ms (0.99267) - completed: 4 4 2 2 3
Overall: 1490ms of 1501ms (0.99267) - completed: 4 4 2 2 3
FINAL RUNTIME: 1501ms
========================== END EXECUTION METRIC BLOCK FOR VERIFICATION ==========================
+ set +x
