Job is running on soctf-pdc-024.d1.comp.nus.edu.sg, started at Sun Nov 19 01:42:44 AM +08 2023
Running make to compile your code...
make: Nothing to be done for 'all'.
Created temporary file on soctf-pdc-024.d1.comp.nus.edu.sg for job output evaluation after this run at /tmp/109863.txt
Running...
+ tee /tmp/109863.txt
+ mpirun --map-by core --bind-to core ./distr-sched-seq 8 0 10 0.16 tests/thesun.in
EXECUTION TRACE: Task #2718281828: depth 0, type 2, seed 2718281828, output 1781211269 (1 descendants)
EXECUTION TRACE: Task #1618033988: depth 0, type 1, seed 1618033988, output 53440 (1 descendants)
EXECUTION TRACE: Task #4058104625: depth 1, type 3, seed 4058104625, output 7886 (1 descendants)
EXECUTION TRACE: Task #2285740015: depth 1, type 1, seed 2285740015, output 80335 (2 descendants)
EXECUTION TRACE: Task #2104450896: depth 2, type 2, seed 2104450896, output 2709202317 (3 descendants)
EXECUTION TRACE: Task #226440632: depth 2, type 4, seed 226440632, output 895771442 (2 descendants)
EXECUTION TRACE: Task #3972744737: depth 2, type 1, seed 3972744737, output 22376 (3 descendants)
EXECUTION TRACE: Task #3543231979: depth 3, type 2, seed 3543231979, output 1862919517 (2 descendants)
EXECUTION TRACE: Task #395701628: depth 3, type 5, seed 395701628, output 651992846 (2 descendants)
EXECUTION TRACE: Task #894633691: depth 3, type 5, seed 894633691, output 1350800739 (1 descendants)
EXECUTION TRACE: Task #2546997666: depth 3, type 4, seed 2546997666, output 1681011250 (0 descendants)
EXECUTION TRACE: Task #1860003006: depth 3, type 2, seed 1860003006, output 1164119075 (1 descendants)
EXECUTION TRACE: Task #558227679: depth 3, type 1, seed 558227679, output 30796 (3 descendants)
EXECUTION TRACE: Task #363168956: depth 3, type 3, seed 363168956, output 10739 (1 descendants)
EXECUTION TRACE: Task #875526193: depth 3, type 5, seed 875526193, output 2562273138 (4 descendants)
EXECUTION TRACE: Task #338152781: depth 4, type 3, seed 338152781, output 8741 (2 descendants)
EXECUTION TRACE: Task #3550353984: depth 4, type 3, seed 3550353984, output 11881 (3 descendants)
EXECUTION TRACE: Task #4195931056: depth 4, type 3, seed 4195931056, output 21162 (1 descendants)
EXECUTION TRACE: Task #1293646092: depth 4, type 3, seed 1293646092, output 7739 (3 descendants)
EXECUTION TRACE: Task #3959941749: depth 4, type 4, seed 3959941749, output 892743737 (1 descendants)
EXECUTION TRACE: Task #1139702167: depth 4, type 4, seed 1139702167, output 1647457382 (1 descendants)
EXECUTION TRACE: Task #896825887: depth 4, type 1, seed 896825887, output 15829 (1 descendants)
EXECUTION TRACE: Task #533387515: depth 4, type 2, seed 533387515, output 4231361825 (2 descendants)
EXECUTION TRACE: Task #3916270121: depth 4, type 2, seed 3916270121, output 3032441093 (1 descendants)
EXECUTION TRACE: Task #35546034: depth 4, type 2, seed 35546034, output 3000048194 (1 descendants)
EXECUTION TRACE: Task #4187625808: depth 4, type 1, seed 4187625808, output 56981 (2 descendants)
EXECUTION TRACE: Task #1999527812: depth 4, type 1, seed 1999527812, output 70107 (1 descendants)
EXECUTION TRACE: Task #3815455812: depth 4, type 1, seed 3815455812, output 3328 (2 descendants)
EXECUTION TRACE: Task #1851014418: depth 4, type 4, seed 1851014418, output 1701143348 (2 descendants)
EXECUTION TRACE: Task #862962950: depth 5, type 1, seed 862962950, output 40821 (3 descendants)
EXECUTION TRACE: Task #1792897436: depth 5, type 2, seed 1792897436, output 812777337 (2 descendants)
EXECUTION TRACE: Task #1756941860: depth 5, type 5, seed 1756941860, output 3550889532 (4 descendants)
EXECUTION TRACE: Task #1131806526: depth 5, type 1, seed 1131806526, output 67457 (1 descendants)
EXECUTION TRACE: Task #1178295907: depth 5, type 2, seed 1178295907, output 835291610 (2 descendants)
EXECUTION TRACE: Task #1237603427: depth 5, type 3, seed 1237603427, output 15521 (0 descendants)
EXECUTION TRACE: Task #2547632065: depth 5, type 3, seed 2547632065, output 15017 (2 descendants)
EXECUTION TRACE: Task #929124349: depth 5, type 5, seed 929124349, output 2737291972 (2 descendants)
EXECUTION TRACE: Task #3758299324: depth 5, type 5, seed 3758299324, output 1153783994 (2 descendants)
EXECUTION TRACE: Task #3901031412: depth 5, type 1, seed 3901031412, output 19508 (3 descendants)
EXECUTION TRACE: Task #4186821420: depth 5, type 5, seed 4186821420, output 724217208 (2 descendants)
EXECUTION TRACE: Task #4015797306: depth 5, type 2, seed 4015797306, output 3609694469 (2 descendants)
EXECUTION TRACE: Task #171766735: depth 5, type 4, seed 171766735, output 1714631009 (3 descendants)
EXECUTION TRACE: Task #3700564926: depth 5, type 5, seed 3700564926, output 1769535200 (2 descendants)
EXECUTION TRACE: Task #3239981970: depth 5, type 1, seed 3239981970, output 67552 (1 descendants)
EXECUTION TRACE: Task #3620068119: depth 5, type 5, seed 3620068119, output 114183689 (0 descendants)
EXECUTION TRACE: Task #2960179814: depth 5, type 1, seed 2960179814, output 5649 (0 descendants)
EXECUTION TRACE: Task #4021109172: depth 5, type 4, seed 4021109172, output 912406884 (0 descendants)
EXECUTION TRACE: Task #2377029915: depth 5, type 1, seed 2377029915, output 68316 (3 descendants)
EXECUTION TRACE: Task #3107872013: depth 5, type 5, seed 3107872013, output 569805997 (0 descendants)
EXECUTION TRACE: Task #3557451345: depth 5, type 5, seed 3557451345, output 1628808212 (3 descendants)
EXECUTION TRACE: Task #3738764440: depth 5, type 2, seed 3738764440, output 2046809524 (1 descendants)
EXECUTION TRACE: Task #1180306590: depth 5, type 5, seed 1180306590, output 1558866116 (1 descendants)
EXECUTION TRACE: Task #1135733387: depth 6, type 4, seed 1135733387, output 962869350 (2 descendants)
EXECUTION TRACE: Task #386806377: depth 6, type 4, seed 386806377, output 875849057 (2 descendants)
EXECUTION TRACE: Task #3623268642: depth 6, type 1, seed 3623268642, output 76268 (0 descendants)
EXECUTION TRACE: Task #3790961028: depth 6, type 2, seed 3790961028, output 898215235 (3 descendants)
EXECUTION TRACE: Task #2439499355: depth 6, type 1, seed 2439499355, output 67089 (0 descendants)
EXECUTION TRACE: Task #3302029582: depth 6, type 1, seed 3302029582, output 71539 (2 descendants)
EXECUTION TRACE: Task #1328671608: depth 6, type 5, seed 1328671608, output 1764090694 (2 descendants)
EXECUTION TRACE: Task #4174877246: depth 6, type 5, seed 4174877246, output 951888437 (2 descendants)
EXECUTION TRACE: Task #4196643424: depth 6, type 1, seed 4196643424, output 43362 (1 descendants)
EXECUTION TRACE: Task #3053837813: depth 6, type 4, seed 3053837813, output 962999865 (1 descendants)
EXECUTION TRACE: Task #4129688499: depth 6, type 4, seed 4129688499, output 842490725 (3 descendants)
EXECUTION TRACE: Task #1964131971: depth 6, type 3, seed 1964131971, output 11073 (0 descendants)
EXECUTION TRACE: Task #2880475215: depth 6, type 2, seed 2880475215, output 3083129905 (1 descendants)
EXECUTION TRACE: Task #823695378: depth 6, type 4, seed 823695378, output 945972529 (0 descendants)
EXECUTION TRACE: Task #3415082729: depth 6, type 2, seed 3415082729, output 864291313 (0 descendants)
EXECUTION TRACE: Task #2210325135: depth 6, type 3, seed 2210325135, output 8212 (1 descendants)
EXECUTION TRACE: Task #677896743: depth 6, type 5, seed 677896743, output 4179646371 (2 descendants)
EXECUTION TRACE: Task #797763582: depth 6, type 4, seed 797763582, output 1714435637 (1 descendants)
EXECUTION TRACE: Task #3638413578: depth 6, type 3, seed 3638413578, output 7208 (1 descendants)
EXECUTION TRACE: Task #4263974646: depth 6, type 4, seed 4263974646, output 859059302 (3 descendants)
EXECUTION TRACE: Task #2240246359: depth 6, type 1, seed 2240246359, output 25952 (1 descendants)
EXECUTION TRACE: Task #358669241: depth 6, type 5, seed 358669241, output 2833376981 (3 descendants)
EXECUTION TRACE: Task #4152299273: depth 6, type 4, seed 4152299273, output 1647587892 (2 descendants)
EXECUTION TRACE: Task #881373628: depth 6, type 5, seed 881373628, output 1613356230 (2 descendants)
EXECUTION TRACE: Task #1268902182: depth 6, type 3, seed 1268902182, output 15128 (0 descendants)
EXECUTION TRACE: Task #792061975: depth 6, type 2, seed 792061975, output 1541287203 (1 descendants)
EXECUTION TRACE: Task #554787211: depth 6, type 3, seed 554787211, output 16636 (1 descendants)
EXECUTION TRACE: Task #5507884: depth 6, type 2, seed 5507884, output 1247484000 (2 descendants)
EXECUTION TRACE: Task #2219038263: depth 6, type 2, seed 2219038263, output 2362143576 (0 descendants)
EXECUTION TRACE: Task #4161028478: depth 6, type 4, seed 4161028478, output 808857905 (3 descendants)
EXECUTION TRACE: Task #827110596: depth 6, type 5, seed 827110596, output 1959140710 (3 descendants)
EXECUTION TRACE: Task #1392287574: depth 6, type 3, seed 1392287574, output 8783 (3 descendants)
EXECUTION TRACE: Task #2963223442: depth 6, type 3, seed 2963223442, output 10147 (2 descendants)
EXECUTION TRACE: Task #982930849: depth 6, type 2, seed 982930849, output 182502489 (1 descendants)
EXECUTION TRACE: Task #1283986498: depth 6, type 1, seed 1283986498, output 78973 (2 descendants)
EXECUTION TRACE: Task #3768699669: depth 6, type 4, seed 3768699669, output 1647339061 (1 descendants)
EXECUTION TRACE: Task #1328279666: depth 6, type 5, seed 1328279666, output 2511864061 (1 descendants)
EXECUTION TRACE: Task #2584596163: depth 6, type 2, seed 2584596163, output 1246104755 (2 descendants)
EXECUTION TRACE: Task #2939418881: depth 6, type 4, seed 2939418881, output 825634870 (1 descendants)
EXECUTION TRACE: Task #3821276138: depth 7, type 1, seed 3821276138, output 81662 (2 descendants)
EXECUTION TRACE: Task #4077525818: depth 7, type 3, seed 4077525818, output 10254 (0 descendants)
EXECUTION TRACE: Task #1886981359: depth 7, type 4, seed 1886981359, output 912668773 (0 descendants)
EXECUTION TRACE: Task #1425619576: depth 7, type 3, seed 1425619576, output 11170 (1 descendants)
EXECUTION TRACE: Task #1175743437: depth 7, type 2, seed 1175743437, output 3532317710 (2 descendants)
EXECUTION TRACE: Task #4119976102: depth 7, type 4, seed 4119976102, output 859006005 (2 descendants)
EXECUTION TRACE: Task #2256710823: depth 7, type 3, seed 2256710823, output 10651 (2 descendants)
EXECUTION TRACE: Task #1770341821: depth 7, type 2, seed 1770341821, output 1339837564 (3 descendants)
EXECUTION TRACE: Task #3381195247: depth 7, type 4, seed 3381195247, output 912548664 (0 descendants)
EXECUTION TRACE: Task #73265277: depth 7, type 4, seed 73265277, output 1698050355 (3 descendants)
EXECUTION TRACE: Task #432394656: depth 7, type 2, seed 432394656, output 1210268098 (2 descendants)
EXECUTION TRACE: Task #2884319071: depth 7, type 3, seed 2884319071, output 9658 (2 descendants)
EXECUTION TRACE: Task #913815287: depth 7, type 3, seed 913815287, output 9673 (1 descendants)
EXECUTION TRACE: Task #3155024778: depth 7, type 5, seed 3155024778, output 3297745186 (0 descendants)
EXECUTION TRACE: Task #3752679670: depth 7, type 2, seed 3752679670, output 3026104251 (3 descendants)
EXECUTION TRACE: Task #2460667610: depth 7, type 1, seed 2460667610, output 64291 (2 descendants)
EXECUTION TRACE: Task #2159239990: depth 7, type 1, seed 2159239990, output 6518 (3 descendants)
EXECUTION TRACE: Task #2938303174: depth 7, type 1, seed 2938303174, output 53316 (2 descendants)
EXECUTION TRACE: Task #4275449540: depth 7, type 1, seed 4275449540, output 53738 (2 descendants)
EXECUTION TRACE: Task #2884257469: depth 7, type 3, seed 2884257469, output 13493 (1 descendants)
EXECUTION TRACE: Task #299269337: depth 7, type 1, seed 299269337, output 65588 (2 descendants)
EXECUTION TRACE: Task #3011180107: depth 7, type 1, seed 3011180107, output 29238 (0 descendants)
EXECUTION TRACE: Task #3314182716: depth 7, type 3, seed 3314182716, output 8988 (0 descendants)
EXECUTION TRACE: Task #2694807040: depth 7, type 2, seed 2694807040, output 3484069875 (2 descendants)
EXECUTION TRACE: Task #3667055707: depth 7, type 5, seed 3667055707, output 1735317060 (3 descendants)
EXECUTION TRACE: Task #4072976687: depth 7, type 3, seed 4072976687, output 16641 (2 descendants)
EXECUTION TRACE: Task #1652706834: depth 7, type 1, seed 1652706834, output 27852 (1 descendants)
EXECUTION TRACE: Task #2503273690: depth 7, type 5, seed 2503273690, output 4156014604 (2 descendants)
EXECUTION TRACE: Task #895793521: depth 7, type 1, seed 895793521, output 77330 (2 descendants)
EXECUTION TRACE: Task #4201145712: depth 7, type 2, seed 4201145712, output 4286677280 (1 descendants)
EXECUTION TRACE: Task #620044406: depth 7, type 1, seed 620044406, output 44042 (0 descendants)
EXECUTION TRACE: Task #4103987655: depth 7, type 3, seed 4103987655, output 11812 (1 descendants)
EXECUTION TRACE: Task #2986805382: depth 7, type 5, seed 2986805382, output 2566355143 (0 descendants)
EXECUTION TRACE: Task #1632032299: depth 7, type 3, seed 1632032299, output 9041 (1 descendants)
EXECUTION TRACE: Task #1011916255: depth 7, type 3, seed 1011916255, output 6962 (2 descendants)
EXECUTION TRACE: Task #872402469: depth 7, type 1, seed 872402469, output 47943 (2 descendants)
EXECUTION TRACE: Task #4250844411: depth 7, type 4, seed 4250844411, output 808935992 (2 descendants)
EXECUTION TRACE: Task #3878317142: depth 7, type 1, seed 3878317142, output 58602 (1 descendants)
EXECUTION TRACE: Task #3043261349: depth 7, type 1, seed 3043261349, output 81207 (1 descendants)
EXECUTION TRACE: Task #2353731394: depth 7, type 2, seed 2353731394, output 4021034117 (3 descendants)
EXECUTION TRACE: Task #262966231: depth 7, type 1, seed 262966231, output 40627 (2 descendants)
EXECUTION TRACE: Task #1557297862: depth 7, type 4, seed 1557297862, output 808529972 (1 descendants)
EXECUTION TRACE: Task #941024736: depth 7, type 5, seed 941024736, output 3386326742 (1 descendants)
EXECUTION TRACE: Task #3330605304: depth 7, type 2, seed 3330605304, output 16654795 (1 descendants)
EXECUTION TRACE: Task #2460061418: depth 7, type 3, seed 2460061418, output 10492 (2 descendants)
EXECUTION TRACE: Task #2124038550: depth 7, type 4, seed 2124038550, output 909403746 (1 descendants)
EXECUTION TRACE: Task #3868336535: depth 7, type 5, seed 3868336535, output 1140142801 (0 descendants)
EXECUTION TRACE: Task #1366377596: depth 7, type 3, seed 1366377596, output 11350 (5 descendants)
EXECUTION TRACE: Task #2517176332: depth 7, type 3, seed 2517176332, output 13484 (1 descendants)
EXECUTION TRACE: Task #2321657648: depth 7, type 1, seed 2321657648, output 67436 (2 descendants)
EXECUTION TRACE: Task #1392559235: depth 7, type 2, seed 1392559235, output 2620786122 (0 descendants)
EXECUTION TRACE: Task #1145540499: depth 7, type 5, seed 1145540499, output 582421182 (1 descendants)
EXECUTION TRACE: Task #1901038062: depth 7, type 5, seed 1901038062, output 24131076 (2 descendants)
EXECUTION TRACE: Task #634790269: depth 7, type 1, seed 634790269, output 8049 (1 descendants)
EXECUTION TRACE: Task #1671010920: depth 7, type 4, seed 1671010920, output 959525732 (1 descendants)
EXECUTION TRACE: Task #294269614: depth 7, type 2, seed 294269614, output 3758820254 (0 descendants)
EXECUTION TRACE: Task #1930544325: depth 7, type 5, seed 1930544325, output 3820816187 (1 descendants)
EXECUTION TRACE: Task #3026677453: depth 7, type 1, seed 3026677453, output 19719 (0 descendants)
EXECUTION TRACE: Task #134152464: depth 8, type 1, seed 134152464, output 38005 (0 descendants)
EXECUTION TRACE: Task #1129245524: depth 8, type 2, seed 1129245524, output 3213614927 (0 descendants)
EXECUTION TRACE: Task #2209516531: depth 8, type 3, seed 2209516531, output 14234 (0 descendants)
EXECUTION TRACE: Task #3718458119: depth 8, type 2, seed 3718458119, output 2220541495 (0 descendants)
EXECUTION TRACE: Task #2004513988: depth 8, type 4, seed 2004513988, output 842150965 (0 descendants)
EXECUTION TRACE: Task #1530153590: depth 8, type 2, seed 1530153590, output 826234124 (0 descendants)
EXECUTION TRACE: Task #3222949722: depth 8, type 4, seed 3222949722, output 1634034485 (0 descendants)
EXECUTION TRACE: Task #115145704: depth 8, type 1, seed 115145704, output 47406 (0 descendants)
EXECUTION TRACE: Task #3047034352: depth 8, type 1, seed 3047034352, output 37373 (0 descendants)
EXECUTION TRACE: Task #4154105740: depth 8, type 2, seed 4154105740, output 3770942059 (0 descendants)
EXECUTION TRACE: Task #3161315217: depth 8, type 2, seed 3161315217, output 4038678083 (0 descendants)
EXECUTION TRACE: Task #3906517183: depth 8, type 2, seed 3906517183, output 292500644 (0 descendants)
EXECUTION TRACE: Task #3104577306: depth 8, type 2, seed 3104577306, output 901869114 (0 descendants)
EXECUTION TRACE: Task #420565626: depth 8, type 3, seed 420565626, output 13542 (0 descendants)
EXECUTION TRACE: Task #1619054477: depth 8, type 1, seed 1619054477, output 73558 (0 descendants)
EXECUTION TRACE: Task #1238353614: depth 8, type 3, seed 1238353614, output 7460 (0 descendants)
EXECUTION TRACE: Task #19262149: depth 8, type 4, seed 19262149, output 1664627762 (0 descendants)
EXECUTION TRACE: Task #4120069799: depth 8, type 4, seed 4120069799, output 875968870 (0 descendants)
EXECUTION TRACE: Task #2111948529: depth 8, type 3, seed 2111948529, output 7017 (0 descendants)
EXECUTION TRACE: Task #675724335: depth 8, type 4, seed 675724335, output 959723878 (0 descendants)
EXECUTION TRACE: Task #771389191: depth 8, type 5, seed 771389191, output 553482793 (0 descendants)
EXECUTION TRACE: Task #408765105: depth 8, type 1, seed 408765105, output 69798 (0 descendants)
EXECUTION TRACE: Task #2712975969: depth 8, type 2, seed 2712975969, output 3195322049 (0 descendants)
EXECUTION TRACE: Task #1781685149: depth 8, type 1, seed 1781685149, output 19304 (0 descendants)
EXECUTION TRACE: Task #2231598506: depth 8, type 1, seed 2231598506, output 69386 (0 descendants)
EXECUTION TRACE: Task #3087714492: depth 8, type 2, seed 3087714492, output 4025127587 (0 descendants)
EXECUTION TRACE: Task #737387976: depth 8, type 4, seed 737387976, output 959866466 (0 descendants)
EXECUTION TRACE: Task #312612668: depth 8, type 5, seed 312612668, output 3002016821 (0 descendants)
EXECUTION TRACE: Task #4134134076: depth 8, type 2, seed 4134134076, output 3763355596 (0 descendants)
EXECUTION TRACE: Task #1062737835: depth 8, type 3, seed 1062737835, output 12567 (0 descendants)
EXECUTION TRACE: Task #149983756: depth 8, type 5, seed 149983756, output 458834761 (0 descendants)
EXECUTION TRACE: Task #1462232256: depth 8, type 5, seed 1462232256, output 2167231627 (0 descendants)
EXECUTION TRACE: Task #4020990439: depth 8, type 5, seed 4020990439, output 3720156958 (0 descendants)
EXECUTION TRACE: Task #3268515726: depth 8, type 1, seed 3268515726, output 33897 (0 descendants)
EXECUTION TRACE: Task #3127462569: depth 8, type 3, seed 3127462569, output 8726 (0 descendants)
EXECUTION TRACE: Task #2372943919: depth 8, type 4, seed 2372943919, output 1717778481 (0 descendants)
EXECUTION TRACE: Task #2754397330: depth 8, type 5, seed 2754397330, output 69188441 (0 descendants)
EXECUTION TRACE: Task #2583248947: depth 8, type 2, seed 2583248947, output 1657273394 (0 descendants)
EXECUTION TRACE: Task #3306007120: depth 8, type 1, seed 3306007120, output 4199 (0 descendants)
EXECUTION TRACE: Task #2781637768: depth 8, type 3, seed 2781637768, output 15330 (0 descendants)
EXECUTION TRACE: Task #954602483: depth 8, type 5, seed 954602483, output 3465862795 (0 descendants)
EXECUTION TRACE: Task #3304878278: depth 8, type 3, seed 3304878278, output 11942 (0 descendants)
EXECUTION TRACE: Task #161573182: depth 8, type 5, seed 161573182, output 2064163554 (0 descendants)
EXECUTION TRACE: Task #4196436785: depth 8, type 1, seed 4196436785, output 23264 (0 descendants)
EXECUTION TRACE: Task #1659693041: depth 8, type 5, seed 1659693041, output 1537394192 (0 descendants)
EXECUTION TRACE: Task #2905789885: depth 8, type 1, seed 2905789885, output 12283 (0 descendants)
EXECUTION TRACE: Task #2113580180: depth 8, type 3, seed 2113580180, output 18085 (0 descendants)
EXECUTION TRACE: Task #1992336393: depth 8, type 2, seed 1992336393, output 3710779883 (0 descendants)
EXECUTION TRACE: Task #651452153: depth 8, type 4, seed 651452153, output 945961273 (0 descendants)
EXECUTION TRACE: Task #959629642: depth 8, type 5, seed 959629642, output 1722249318 (0 descendants)
EXECUTION TRACE: Task #2253881785: depth 8, type 4, seed 2253881785, output 925970790 (0 descendants)
EXECUTION TRACE: Task #2748829546: depth 8, type 2, seed 2748829546, output 4086833277 (0 descendants)
EXECUTION TRACE: Task #3577923994: depth 8, type 5, seed 3577923994, output 4131223446 (0 descendants)
EXECUTION TRACE: Task #2746963576: depth 8, type 5, seed 2746963576, output 3752081448 (0 descendants)
EXECUTION TRACE: Task #2400452407: depth 8, type 2, seed 2400452407, output 3326495686 (0 descendants)
EXECUTION TRACE: Task #789341391: depth 8, type 4, seed 789341391, output 828794425 (0 descendants)
EXECUTION TRACE: Task #3235246601: depth 8, type 1, seed 3235246601, output 25707 (0 descendants)
EXECUTION TRACE: Task #4137157524: depth 8, type 1, seed 4137157524, output 41612 (0 descendants)
EXECUTION TRACE: Task #660295087: depth 8, type 1, seed 660295087, output 34926 (0 descendants)
EXECUTION TRACE: Task #1234718234: depth 8, type 5, seed 1234718234, output 535143921 (0 descendants)
EXECUTION TRACE: Task #1387019109: depth 8, type 2, seed 1387019109, output 1575185802 (0 descendants)
EXECUTION TRACE: Task #3119120865: depth 8, type 1, seed 3119120865, output 38303 (0 descendants)
EXECUTION TRACE: Task #3993289216: depth 8, type 4, seed 3993289216, output 858995000 (0 descendants)
EXECUTION TRACE: Task #3964360828: depth 8, type 1, seed 3964360828, output 74351 (0 descendants)
EXECUTION TRACE: Task #2770588279: depth 8, type 3, seed 2770588279, output 12870 (0 descendants)
EXECUTION TRACE: Task #3233471511: depth 8, type 1, seed 3233471511, output 39648 (0 descendants)
EXECUTION TRACE: Task #3363661526: depth 8, type 2, seed 3363661526, output 2473894749 (0 descendants)
EXECUTION TRACE: Task #1256195565: depth 8, type 4, seed 1256195565, output 1714499638 (0 descendants)
EXECUTION TRACE: Task #350884894: depth 8, type 4, seed 350884894, output 862282807 (0 descendants)
EXECUTION TRACE: Task #2530971145: depth 8, type 3, seed 2530971145, output 14833 (0 descendants)
EXECUTION TRACE: Task #366921588: depth 8, type 1, seed 366921588, output 42681 (0 descendants)
EXECUTION TRACE: Task #4286901808: depth 8, type 3, seed 4286901808, output 10428 (0 descendants)
EXECUTION TRACE: Task #3126617646: depth 8, type 5, seed 3126617646, output 219077868 (0 descendants)
EXECUTION TRACE: Task #3603045895: depth 8, type 4, seed 3603045895, output 1681089846 (0 descendants)
EXECUTION TRACE: Task #2139820031: depth 8, type 5, seed 2139820031, output 3695385794 (0 descendants)
EXECUTION TRACE: Task #1391671735: depth 8, type 1, seed 1391671735, output 66156 (0 descendants)
EXECUTION TRACE: Task #807513940: depth 8, type 3, seed 807513940, output 7916 (0 descendants)
EXECUTION TRACE: Task #2320627648: depth 8, type 1, seed 2320627648, output 27544 (0 descendants)
EXECUTION TRACE: Task #2387580984: depth 8, type 5, seed 2387580984, output 176957247 (0 descendants)
EXECUTION TRACE: Task #84202499: depth 8, type 5, seed 84202499, output 299877278 (0 descendants)
EXECUTION TRACE: Task #238920152: depth 8, type 3, seed 238920152, output 15084 (0 descendants)
EXECUTION TRACE: Task #2393262300: depth 8, type 2, seed 2393262300, output 2061626659 (0 descendants)
EXECUTION TRACE: Task #1106650490: depth 8, type 5, seed 1106650490, output 4071125296 (0 descendants)
========================== START EXECUTION METRIC BLOCK FOR VERIFICATION ==========================
Rank 0: 43557ms of 43652ms (0.99782) - completed: 57 46 43 40 46
Overall: 43557ms of 43652ms (0.99782) - completed: 57 46 43 40 46
FINAL RUNTIME: 43652ms
========================== END EXECUTION METRIC BLOCK FOR VERIFICATION ==========================
+ set +x
