Job is running on soctf-pdc-024.d1.comp.nus.edu.sg, started at Sun Nov 19 01:43:36 AM +08 2023
Running make to compile your code...
make: Nothing to be done for 'all'.
Created temporary file on soctf-pdc-024.d1.comp.nus.edu.sg for job output evaluation after this run at /tmp/109864.txt
Running...
+ tee /tmp/109864.txt
+ mpirun --map-by core --bind-to core ./distr-sched-seq 9 0 10 0.16 tests/thesun.in
EXECUTION TRACE: Task #2718281828: depth 0, type 2, seed 2718281828, output 1781211269 (1 descendants)
EXECUTION TRACE: Task #1618033988: depth 0, type 1, seed 1618033988, output 53440 (1 descendants)
EXECUTION TRACE: Task #4058104625: depth 1, type 3, seed 4058104625, output 7886 (1 descendants)
EXECUTION TRACE: Task #2285740015: depth 1, type 1, seed 2285740015, output 80335 (2 descendants)
EXECUTION TRACE: Task #2104450896: depth 2, type 2, seed 2104450896, output 2709202317 (3 descendants)
EXECUTION TRACE: Task #226440632: depth 2, type 4, seed 226440632, output 895771442 (2 descendants)
EXECUTION TRACE: Task #3972744737: depth 2, type 1, seed 3972744737, output 22376 (3 descendants)
EXECUTION TRACE: Task #3543231979: depth 3, type 2, seed 3543231979, output 1862919517 (2 descendants)
EXECUTION TRACE: Task #395701628: depth 3, type 5, seed 395701628, output 651992846 (2 descendants)
EXECUTION TRACE: Task #894633691: depth 3, type 5, seed 894633691, output 1350800739 (1 descendants)
EXECUTION TRACE: Task #2546997666: depth 3, type 4, seed 2546997666, output 1681011250 (0 descendants)
EXECUTION TRACE: Task #1860003006: depth 3, type 2, seed 1860003006, output 1164119075 (1 descendants)
EXECUTION TRACE: Task #558227679: depth 3, type 1, seed 558227679, output 30796 (3 descendants)
EXECUTION TRACE: Task #363168956: depth 3, type 3, seed 363168956, output 10739 (1 descendants)
EXECUTION TRACE: Task #875526193: depth 3, type 5, seed 875526193, output 2562273138 (4 descendants)
EXECUTION TRACE: Task #338152781: depth 4, type 3, seed 338152781, output 8741 (2 descendants)
EXECUTION TRACE: Task #3550353984: depth 4, type 3, seed 3550353984, output 11881 (3 descendants)
EXECUTION TRACE: Task #4195931056: depth 4, type 3, seed 4195931056, output 21162 (1 descendants)
EXECUTION TRACE: Task #1293646092: depth 4, type 3, seed 1293646092, output 7739 (3 descendants)
EXECUTION TRACE: Task #3959941749: depth 4, type 4, seed 3959941749, output 892743737 (1 descendants)
EXECUTION TRACE: Task #1139702167: depth 4, type 4, seed 1139702167, output 1647457382 (1 descendants)
EXECUTION TRACE: Task #896825887: depth 4, type 1, seed 896825887, output 15829 (1 descendants)
EXECUTION TRACE: Task #533387515: depth 4, type 2, seed 533387515, output 4231361825 (2 descendants)
EXECUTION TRACE: Task #3916270121: depth 4, type 2, seed 3916270121, output 3032441093 (1 descendants)
EXECUTION TRACE: Task #35546034: depth 4, type 2, seed 35546034, output 3000048194 (1 descendants)
EXECUTION TRACE: Task #4187625808: depth 4, type 1, seed 4187625808, output 56981 (2 descendants)
EXECUTION TRACE: Task #1999527812: depth 4, type 1, seed 1999527812, output 70107 (1 descendants)
EXECUTION TRACE: Task #3815455812: depth 4, type 1, seed 3815455812, output 3328 (2 descendants)
EXECUTION TRACE: Task #1851014418: depth 4, type 4, seed 1851014418, output 1701143348 (2 descendants)
EXECUTION TRACE: Task #862962950: depth 5, type 1, seed 862962950, output 40821 (3 descendants)
EXECUTION TRACE: Task #1792897436: depth 5, type 2, seed 1792897436, output 812777337 (2 descendants)
EXECUTION TRACE: Task #1756941860: depth 5, type 5, seed 1756941860, output 3550889532 (4 descendants)
EXECUTION TRACE: Task #1131806526: depth 5, type 1, seed 1131806526, output 67457 (1 descendants)
EXECUTION TRACE: Task #1178295907: depth 5, type 2, seed 1178295907, output 835291610 (2 descendants)
EXECUTION TRACE: Task #1237603427: depth 5, type 3, seed 1237603427, output 15521 (0 descendants)
EXECUTION TRACE: Task #2547632065: depth 5, type 3, seed 2547632065, output 15017 (2 descendants)
EXECUTION TRACE: Task #929124349: depth 5, type 5, seed 929124349, output 2737291972 (2 descendants)
EXECUTION TRACE: Task #3758299324: depth 5, type 5, seed 3758299324, output 1153783994 (2 descendants)
EXECUTION TRACE: Task #3901031412: depth 5, type 1, seed 3901031412, output 19508 (3 descendants)
EXECUTION TRACE: Task #4186821420: depth 5, type 5, seed 4186821420, output 724217208 (2 descendants)
EXECUTION TRACE: Task #4015797306: depth 5, type 2, seed 4015797306, output 3609694469 (2 descendants)
EXECUTION TRACE: Task #171766735: depth 5, type 4, seed 171766735, output 1714631009 (3 descendants)
EXECUTION TRACE: Task #3700564926: depth 5, type 5, seed 3700564926, output 1769535200 (2 descendants)
EXECUTION TRACE: Task #3239981970: depth 5, type 1, seed 3239981970, output 67552 (1 descendants)
EXECUTION TRACE: Task #3620068119: depth 5, type 5, seed 3620068119, output 114183689 (0 descendants)
EXECUTION TRACE: Task #2960179814: depth 5, type 1, seed 2960179814, output 5649 (0 descendants)
EXECUTION TRACE: Task #4021109172: depth 5, type 4, seed 4021109172, output 912406884 (0 descendants)
EXECUTION TRACE: Task #2377029915: depth 5, type 1, seed 2377029915, output 68316 (3 descendants)
EXECUTION TRACE: Task #3107872013: depth 5, type 5, seed 3107872013, output 569805997 (0 descendants)
EXECUTION TRACE: Task #3557451345: depth 5, type 5, seed 3557451345, output 1628808212 (3 descendants)
EXECUTION TRACE: Task #3738764440: depth 5, type 2, seed 3738764440, output 2046809524 (1 descendants)
EXECUTION TRACE: Task #1180306590: depth 5, type 5, seed 1180306590, output 1558866116 (1 descendants)
EXECUTION TRACE: Task #1135733387: depth 6, type 4, seed 1135733387, output 962869350 (2 descendants)
EXECUTION TRACE: Task #386806377: depth 6, type 4, seed 386806377, output 875849057 (2 descendants)
EXECUTION TRACE: Task #3623268642: depth 6, type 1, seed 3623268642, output 76268 (0 descendants)
EXECUTION TRACE: Task #3790961028: depth 6, type 2, seed 3790961028, output 898215235 (3 descendants)
EXECUTION TRACE: Task #2439499355: depth 6, type 1, seed 2439499355, output 67089 (0 descendants)
EXECUTION TRACE: Task #3302029582: depth 6, type 1, seed 3302029582, output 71539 (2 descendants)
EXECUTION TRACE: Task #1328671608: depth 6, type 5, seed 1328671608, output 1764090694 (2 descendants)
EXECUTION TRACE: Task #4174877246: depth 6, type 5, seed 4174877246, output 951888437 (2 descendants)
EXECUTION TRACE: Task #4196643424: depth 6, type 1, seed 4196643424, output 43362 (1 descendants)
EXECUTION TRACE: Task #3053837813: depth 6, type 4, seed 3053837813, output 962999865 (1 descendants)
EXECUTION TRACE: Task #4129688499: depth 6, type 4, seed 4129688499, output 842490725 (3 descendants)
EXECUTION TRACE: Task #1964131971: depth 6, type 3, seed 1964131971, output 11073 (0 descendants)
EXECUTION TRACE: Task #2880475215: depth 6, type 2, seed 2880475215, output 3083129905 (1 descendants)
EXECUTION TRACE: Task #823695378: depth 6, type 4, seed 823695378, output 945972529 (0 descendants)
EXECUTION TRACE: Task #3415082729: depth 6, type 2, seed 3415082729, output 864291313 (0 descendants)
EXECUTION TRACE: Task #2210325135: depth 6, type 3, seed 2210325135, output 8212 (1 descendants)
EXECUTION TRACE: Task #677896743: depth 6, type 5, seed 677896743, output 4179646371 (2 descendants)
EXECUTION TRACE: Task #797763582: depth 6, type 4, seed 797763582, output 1714435637 (1 descendants)
EXECUTION TRACE: Task #3638413578: depth 6, type 3, seed 3638413578, output 7208 (1 descendants)
EXECUTION TRACE: Task #4263974646: depth 6, type 4, seed 4263974646, output 859059302 (3 descendants)
EXECUTION TRACE: Task #2240246359: depth 6, type 1, seed 2240246359, output 25952 (1 descendants)
EXECUTION TRACE: Task #358669241: depth 6, type 5, seed 358669241, output 2833376981 (3 descendants)
EXECUTION TRACE: Task #4152299273: depth 6, type 4, seed 4152299273, output 1647587892 (2 descendants)
EXECUTION TRACE: Task #881373628: depth 6, type 5, seed 881373628, output 1613356230 (2 descendants)
EXECUTION TRACE: Task #1268902182: depth 6, type 3, seed 1268902182, output 15128 (0 descendants)
EXECUTION TRACE: Task #792061975: depth 6, type 2, seed 792061975, output 1541287203 (1 descendants)
EXECUTION TRACE: Task #554787211: depth 6, type 3, seed 554787211, output 16636 (1 descendants)
EXECUTION TRACE: Task #5507884: depth 6, type 2, seed 5507884, output 1247484000 (2 descendants)
EXECUTION TRACE: Task #2219038263: depth 6, type 2, seed 2219038263, output 2362143576 (0 descendants)
EXECUTION TRACE: Task #4161028478: depth 6, type 4, seed 4161028478, output 808857905 (3 descendants)
EXECUTION TRACE: Task #827110596: depth 6, type 5, seed 827110596, output 1959140710 (3 descendants)
EXECUTION TRACE: Task #1392287574: depth 6, type 3, seed 1392287574, output 8783 (3 descendants)
EXECUTION TRACE: Task #2963223442: depth 6, type 3, seed 2963223442, output 10147 (2 descendants)
EXECUTION TRACE: Task #982930849: depth 6, type 2, seed 982930849, output 182502489 (1 descendants)
EXECUTION TRACE: Task #1283986498: depth 6, type 1, seed 1283986498, output 78973 (2 descendants)
EXECUTION TRACE: Task #3768699669: depth 6, type 4, seed 3768699669, output 1647339061 (1 descendants)
EXECUTION TRACE: Task #1328279666: depth 6, type 5, seed 1328279666, output 2511864061 (1 descendants)
EXECUTION TRACE: Task #2584596163: depth 6, type 2, seed 2584596163, output 1246104755 (2 descendants)
EXECUTION TRACE: Task #2939418881: depth 6, type 4, seed 2939418881, output 825634870 (1 descendants)
EXECUTION TRACE: Task #3821276138: depth 7, type 1, seed 3821276138, output 81662 (2 descendants)
EXECUTION TRACE: Task #4077525818: depth 7, type 3, seed 4077525818, output 10254 (0 descendants)
EXECUTION TRACE: Task #1886981359: depth 7, type 4, seed 1886981359, output 912668773 (0 descendants)
EXECUTION TRACE: Task #1425619576: depth 7, type 3, seed 1425619576, output 11170 (1 descendants)
EXECUTION TRACE: Task #1175743437: depth 7, type 2, seed 1175743437, output 3532317710 (2 descendants)
EXECUTION TRACE: Task #4119976102: depth 7, type 4, seed 4119976102, output 859006005 (2 descendants)
EXECUTION TRACE: Task #2256710823: depth 7, type 3, seed 2256710823, output 10651 (2 descendants)
EXECUTION TRACE: Task #1770341821: depth 7, type 2, seed 1770341821, output 1339837564 (3 descendants)
EXECUTION TRACE: Task #3381195247: depth 7, type 4, seed 3381195247, output 912548664 (0 descendants)
EXECUTION TRACE: Task #73265277: depth 7, type 4, seed 73265277, output 1698050355 (3 descendants)
EXECUTION TRACE: Task #432394656: depth 7, type 2, seed 432394656, output 1210268098 (2 descendants)
EXECUTION TRACE: Task #2884319071: depth 7, type 3, seed 2884319071, output 9658 (2 descendants)
EXECUTION TRACE: Task #913815287: depth 7, type 3, seed 913815287, output 9673 (1 descendants)
EXECUTION TRACE: Task #3155024778: depth 7, type 5, seed 3155024778, output 3297745186 (0 descendants)
EXECUTION TRACE: Task #3752679670: depth 7, type 2, seed 3752679670, output 3026104251 (3 descendants)
EXECUTION TRACE: Task #2460667610: depth 7, type 1, seed 2460667610, output 64291 (2 descendants)
EXECUTION TRACE: Task #2159239990: depth 7, type 1, seed 2159239990, output 6518 (3 descendants)
EXECUTION TRACE: Task #2938303174: depth 7, type 1, seed 2938303174, output 53316 (2 descendants)
EXECUTION TRACE: Task #4275449540: depth 7, type 1, seed 4275449540, output 53738 (2 descendants)
EXECUTION TRACE: Task #2884257469: depth 7, type 3, seed 2884257469, output 13493 (1 descendants)
EXECUTION TRACE: Task #299269337: depth 7, type 1, seed 299269337, output 65588 (2 descendants)
EXECUTION TRACE: Task #3011180107: depth 7, type 1, seed 3011180107, output 29238 (0 descendants)
EXECUTION TRACE: Task #3314182716: depth 7, type 3, seed 3314182716, output 8988 (0 descendants)
EXECUTION TRACE: Task #2694807040: depth 7, type 2, seed 2694807040, output 3484069875 (2 descendants)
EXECUTION TRACE: Task #3667055707: depth 7, type 5, seed 3667055707, output 1735317060 (3 descendants)
EXECUTION TRACE: Task #4072976687: depth 7, type 3, seed 4072976687, output 16641 (2 descendants)
EXECUTION TRACE: Task #1652706834: depth 7, type 1, seed 1652706834, output 27852 (1 descendants)
EXECUTION TRACE: Task #2503273690: depth 7, type 5, seed 2503273690, output 4156014604 (2 descendants)
EXECUTION TRACE: Task #895793521: depth 7, type 1, seed 895793521, output 77330 (2 descendants)
EXECUTION TRACE: Task #4201145712: depth 7, type 2, seed 4201145712, output 4286677280 (1 descendants)
EXECUTION TRACE: Task #620044406: depth 7, type 1, seed 620044406, output 44042 (0 descendants)
EXECUTION TRACE: Task #4103987655: depth 7, type 3, seed 4103987655, output 11812 (1 descendants)
EXECUTION TRACE: Task #2986805382: depth 7, type 5, seed 2986805382, output 2566355143 (0 descendants)
EXECUTION TRACE: Task #1632032299: depth 7, type 3, seed 1632032299, output 9041 (1 descendants)
EXECUTION TRACE: Task #1011916255: depth 7, type 3, seed 1011916255, output 6962 (2 descendants)
EXECUTION TRACE: Task #872402469: depth 7, type 1, seed 872402469, output 47943 (2 descendants)
EXECUTION TRACE: Task #4250844411: depth 7, type 4, seed 4250844411, output 808935992 (2 descendants)
EXECUTION TRACE: Task #3878317142: depth 7, type 1, seed 3878317142, output 58602 (1 descendants)
EXECUTION TRACE: Task #3043261349: depth 7, type 1, seed 3043261349, output 81207 (1 descendants)
EXECUTION TRACE: Task #2353731394: depth 7, type 2, seed 2353731394, output 4021034117 (3 descendants)
EXECUTION TRACE: Task #262966231: depth 7, type 1, seed 262966231, output 40627 (2 descendants)
EXECUTION TRACE: Task #1557297862: depth 7, type 4, seed 1557297862, output 808529972 (1 descendants)
EXECUTION TRACE: Task #941024736: depth 7, type 5, seed 941024736, output 3386326742 (1 descendants)
EXECUTION TRACE: Task #3330605304: depth 7, type 2, seed 3330605304, output 16654795 (1 descendants)
EXECUTION TRACE: Task #2460061418: depth 7, type 3, seed 2460061418, output 10492 (2 descendants)
EXECUTION TRACE: Task #2124038550: depth 7, type 4, seed 2124038550, output 909403746 (1 descendants)
EXECUTION TRACE: Task #3868336535: depth 7, type 5, seed 3868336535, output 1140142801 (0 descendants)
EXECUTION TRACE: Task #1366377596: depth 7, type 3, seed 1366377596, output 11350 (5 descendants)
EXECUTION TRACE: Task #2517176332: depth 7, type 3, seed 2517176332, output 13484 (1 descendants)
EXECUTION TRACE: Task #2321657648: depth 7, type 1, seed 2321657648, output 67436 (2 descendants)
EXECUTION TRACE: Task #1392559235: depth 7, type 2, seed 1392559235, output 2620786122 (0 descendants)
EXECUTION TRACE: Task #1145540499: depth 7, type 5, seed 1145540499, output 582421182 (1 descendants)
EXECUTION TRACE: Task #1901038062: depth 7, type 5, seed 1901038062, output 24131076 (2 descendants)
EXECUTION TRACE: Task #634790269: depth 7, type 1, seed 634790269, output 8049 (1 descendants)
EXECUTION TRACE: Task #1671010920: depth 7, type 4, seed 1671010920, output 959525732 (1 descendants)
EXECUTION TRACE: Task #294269614: depth 7, type 2, seed 294269614, output 3758820254 (0 descendants)
EXECUTION TRACE: Task #1930544325: depth 7, type 5, seed 1930544325, output 3820816187 (1 descendants)
EXECUTION TRACE: Task #3026677453: depth 7, type 1, seed 3026677453, output 19719 (0 descendants)
EXECUTION TRACE: Task #134152464: depth 8, type 1, seed 134152464, output 38005 (1 descendants)
EXECUTION TRACE: Task #1129245524: depth 8, type 2, seed 1129245524, output 3213614927 (1 descendants)
EXECUTION TRACE: Task #2209516531: depth 8, type 3, seed 2209516531, output 14234 (2 descendants)
EXECUTION TRACE: Task #3718458119: depth 8, type 2, seed 3718458119, output 2220541495 (1 descendants)
EXECUTION TRACE: Task #2004513988: depth 8, type 4, seed 2004513988, output 842150965 (2 descendants)
EXECUTION TRACE: Task #1530153590: depth 8, type 2, seed 1530153590, output 826234124 (7 descendants)
EXECUTION TRACE: Task #3222949722: depth 8, type 4, seed 3222949722, output 1634034485 (0 descendants)
EXECUTION TRACE: Task #115145704: depth 8, type 1, seed 115145704, output 47406 (0 descendants)
EXECUTION TRACE: Task #3047034352: depth 8, type 1, seed 3047034352, output 37373 (1 descendants)
EXECUTION TRACE: Task #4154105740: depth 8, type 2, seed 4154105740, output 3770942059 (2 descendants)
EXECUTION TRACE: Task #3161315217: depth 8, type 2, seed 3161315217, output 4038678083 (0 descendants)
EXECUTION TRACE: Task #3906517183: depth 8, type 2, seed 3906517183, output 292500644 (5 descendants)
EXECUTION TRACE: Task #3104577306: depth 8, type 2, seed 3104577306, output 901869114 (1 descendants)
EXECUTION TRACE: Task #420565626: depth 8, type 3, seed 420565626, output 13542 (1 descendants)
EXECUTION TRACE: Task #1619054477: depth 8, type 1, seed 1619054477, output 73558 (2 descendants)
EXECUTION TRACE: Task #1238353614: depth 8, type 3, seed 1238353614, output 7460 (0 descendants)
EXECUTION TRACE: Task #19262149: depth 8, type 4, seed 19262149, output 1664627762 (3 descendants)
EXECUTION TRACE: Task #4120069799: depth 8, type 4, seed 4120069799, output 875968870 (1 descendants)
EXECUTION TRACE: Task #2111948529: depth 8, type 3, seed 2111948529, output 7017 (1 descendants)
EXECUTION TRACE: Task #675724335: depth 8, type 4, seed 675724335, output 959723878 (0 descendants)
EXECUTION TRACE: Task #771389191: depth 8, type 5, seed 771389191, output 553482793 (0 descendants)
EXECUTION TRACE: Task #408765105: depth 8, type 1, seed 408765105, output 69798 (2 descendants)
EXECUTION TRACE: Task #2712975969: depth 8, type 2, seed 2712975969, output 3195322049 (3 descendants)
EXECUTION TRACE: Task #1781685149: depth 8, type 1, seed 1781685149, output 19304 (1 descendants)
EXECUTION TRACE: Task #2231598506: depth 8, type 1, seed 2231598506, output 69386 (2 descendants)
EXECUTION TRACE: Task #3087714492: depth 8, type 2, seed 3087714492, output 4025127587 (2 descendants)
EXECUTION TRACE: Task #737387976: depth 8, type 4, seed 737387976, output 959866466 (1 descendants)
EXECUTION TRACE: Task #312612668: depth 8, type 5, seed 312612668, output 3002016821 (1 descendants)
EXECUTION TRACE: Task #4134134076: depth 8, type 2, seed 4134134076, output 3763355596 (1 descendants)
EXECUTION TRACE: Task #1062737835: depth 8, type 3, seed 1062737835, output 12567 (2 descendants)
EXECUTION TRACE: Task #149983756: depth 8, type 5, seed 149983756, output 458834761 (1 descendants)
EXECUTION TRACE: Task #1462232256: depth 8, type 5, seed 1462232256, output 2167231627 (1 descendants)
EXECUTION TRACE: Task #4020990439: depth 8, type 5, seed 4020990439, output 3720156958 (1 descendants)
EXECUTION TRACE: Task #3268515726: depth 8, type 1, seed 3268515726, output 33897 (2 descendants)
EXECUTION TRACE: Task #3127462569: depth 8, type 3, seed 3127462569, output 8726 (0 descendants)
EXECUTION TRACE: Task #2372943919: depth 8, type 4, seed 2372943919, output 1717778481 (1 descendants)
EXECUTION TRACE: Task #2754397330: depth 8, type 5, seed 2754397330, output 69188441 (1 descendants)
EXECUTION TRACE: Task #2583248947: depth 8, type 2, seed 2583248947, output 1657273394 (2 descendants)
EXECUTION TRACE: Task #3306007120: depth 8, type 1, seed 3306007120, output 4199 (3 descendants)
EXECUTION TRACE: Task #2781637768: depth 8, type 3, seed 2781637768, output 15330 (1 descendants)
EXECUTION TRACE: Task #954602483: depth 8, type 5, seed 954602483, output 3465862795 (2 descendants)
EXECUTION TRACE: Task #3304878278: depth 8, type 3, seed 3304878278, output 11942 (1 descendants)
EXECUTION TRACE: Task #161573182: depth 8, type 5, seed 161573182, output 2064163554 (4 descendants)
EXECUTION TRACE: Task #4196436785: depth 8, type 1, seed 4196436785, output 23264 (0 descendants)
EXECUTION TRACE: Task #1659693041: depth 8, type 5, seed 1659693041, output 1537394192 (0 descendants)
EXECUTION TRACE: Task #2905789885: depth 8, type 1, seed 2905789885, output 12283 (2 descendants)
EXECUTION TRACE: Task #2113580180: depth 8, type 3, seed 2113580180, output 18085 (1 descendants)
EXECUTION TRACE: Task #1992336393: depth 8, type 2, seed 1992336393, output 3710779883 (4 descendants)
EXECUTION TRACE: Task #651452153: depth 8, type 4, seed 651452153, output 945961273 (2 descendants)
EXECUTION TRACE: Task #959629642: depth 8, type 5, seed 959629642, output 1722249318 (1 descendants)
EXECUTION TRACE: Task #2253881785: depth 8, type 4, seed 2253881785, output 925970790 (0 descendants)
EXECUTION TRACE: Task #2748829546: depth 8, type 2, seed 2748829546, output 4086833277 (2 descendants)
EXECUTION TRACE: Task #3577923994: depth 8, type 5, seed 3577923994, output 4131223446 (1 descendants)
EXECUTION TRACE: Task #2746963576: depth 8, type 5, seed 2746963576, output 3752081448 (0 descendants)
EXECUTION TRACE: Task #2400452407: depth 8, type 2, seed 2400452407, output 3326495686 (3 descendants)
EXECUTION TRACE: Task #789341391: depth 8, type 4, seed 789341391, output 828794425 (1 descendants)
EXECUTION TRACE: Task #3235246601: depth 8, type 1, seed 3235246601, output 25707 (1 descendants)
EXECUTION TRACE: Task #4137157524: depth 8, type 1, seed 4137157524, output 41612 (2 descendants)
EXECUTION TRACE: Task #660295087: depth 8, type 1, seed 660295087, output 34926 (1 descendants)
EXECUTION TRACE: Task #1234718234: depth 8, type 5, seed 1234718234, output 535143921 (0 descendants)
EXECUTION TRACE: Task #1387019109: depth 8, type 2, seed 1387019109, output 1575185802 (1 descendants)
EXECUTION TRACE: Task #3119120865: depth 8, type 1, seed 3119120865, output 38303 (2 descendants)
EXECUTION TRACE: Task #3993289216: depth 8, type 4, seed 3993289216, output 858995000 (3 descendants)
EXECUTION TRACE: Task #3964360828: depth 8, type 1, seed 3964360828, output 74351 (1 descendants)
EXECUTION TRACE: Task #2770588279: depth 8, type 3, seed 2770588279, output 12870 (1 descendants)
EXECUTION TRACE: Task #3233471511: depth 8, type 1, seed 3233471511, output 39648 (1 descendants)
EXECUTION TRACE: Task #3363661526: depth 8, type 2, seed 3363661526, output 2473894749 (0 descendants)
EXECUTION TRACE: Task #1256195565: depth 8, type 4, seed 1256195565, output 1714499638 (1 descendants)
EXECUTION TRACE: Task #350884894: depth 8, type 4, seed 350884894, output 862282807 (1 descendants)
EXECUTION TRACE: Task #2530971145: depth 8, type 3, seed 2530971145, output 14833 (2 descendants)
EXECUTION TRACE: Task #366921588: depth 8, type 1, seed 366921588, output 42681 (0 descendants)
EXECUTION TRACE: Task #4286901808: depth 8, type 3, seed 4286901808, output 10428 (2 descendants)
EXECUTION TRACE: Task #3126617646: depth 8, type 5, seed 3126617646, output 219077868 (1 descendants)
EXECUTION TRACE: Task #3603045895: depth 8, type 4, seed 3603045895, output 1681089846 (1 descendants)
EXECUTION TRACE: Task #2139820031: depth 8, type 5, seed 2139820031, output 3695385794 (2 descendants)
EXECUTION TRACE: Task #1391671735: depth 8, type 1, seed 1391671735, output 66156 (0 descendants)
EXECUTION TRACE: Task #807513940: depth 8, type 3, seed 807513940, output 7916 (3 descendants)
EXECUTION TRACE: Task #2320627648: depth 8, type 1, seed 2320627648, output 27544 (2 descendants)
EXECUTION TRACE: Task #2387580984: depth 8, type 5, seed 2387580984, output 176957247 (0 descendants)
EXECUTION TRACE: Task #84202499: depth 8, type 5, seed 84202499, output 299877278 (0 descendants)
EXECUTION TRACE: Task #238920152: depth 8, type 3, seed 238920152, output 15084 (0 descendants)
EXECUTION TRACE: Task #2393262300: depth 8, type 2, seed 2393262300, output 2061626659 (0 descendants)
EXECUTION TRACE: Task #1106650490: depth 8, type 5, seed 1106650490, output 4071125296 (1 descendants)
EXECUTION TRACE: Task #2849369119: depth 9, type 1, seed 2849369119, output 59336 (0 descendants)
EXECUTION TRACE: Task #426562478: depth 9, type 1, seed 426562478, output 14123 (0 descendants)
EXECUTION TRACE: Task #814119552: depth 9, type 2, seed 814119552, output 2624486378 (0 descendants)
EXECUTION TRACE: Task #3538132992: depth 9, type 3, seed 3538132992, output 9210 (0 descendants)
EXECUTION TRACE: Task #786590671: depth 9, type 4, seed 786590671, output 909390129 (0 descendants)
EXECUTION TRACE: Task #4112265385: depth 9, type 1, seed 4112265385, output 33581 (0 descendants)
EXECUTION TRACE: Task #3825291059: depth 9, type 3, seed 3825291059, output 14488 (0 descendants)
EXECUTION TRACE: Task #1101726537: depth 9, type 1, seed 1101726537, output 63070 (0 descendants)
EXECUTION TRACE: Task #3144732160: depth 9, type 2, seed 3144732160, output 2259548184 (0 descendants)
EXECUTION TRACE: Task #3744403660: depth 9, type 3, seed 3744403660, output 10539 (0 descendants)
EXECUTION TRACE: Task #490880239: depth 9, type 1, seed 490880239, output 35876 (0 descendants)
EXECUTION TRACE: Task #455769096: depth 9, type 2, seed 455769096, output 949109281 (0 descendants)
EXECUTION TRACE: Task #3182877826: depth 9, type 1, seed 3182877826, output 51354 (0 descendants)
EXECUTION TRACE: Task #3789962099: depth 9, type 5, seed 3789962099, output 4172214665 (0 descendants)
EXECUTION TRACE: Task #1784019587: depth 9, type 3, seed 1784019587, output 9486 (0 descendants)
EXECUTION TRACE: Task #541273708: depth 9, type 3, seed 541273708, output 14172 (0 descendants)
EXECUTION TRACE: Task #4222107000: depth 9, type 5, seed 4222107000, output 1181851006 (0 descendants)
EXECUTION TRACE: Task #2117558102: depth 9, type 2, seed 2117558102, output 2205243583 (0 descendants)
EXECUTION TRACE: Task #2217768864: depth 9, type 3, seed 2217768864, output 7612 (0 descendants)
EXECUTION TRACE: Task #2103362667: depth 9, type 2, seed 2103362667, output 1559688324 (0 descendants)
EXECUTION TRACE: Task #3587331192: depth 9, type 5, seed 3587331192, output 2524330523 (0 descendants)
EXECUTION TRACE: Task #2739098232: depth 9, type 1, seed 2739098232, output 62506 (0 descendants)
EXECUTION TRACE: Task #3673352322: depth 9, type 2, seed 3673352322, output 3985044465 (0 descendants)
EXECUTION TRACE: Task #3565858271: depth 9, type 1, seed 3565858271, output 41632 (0 descendants)
EXECUTION TRACE: Task #135309092: depth 9, type 4, seed 135309092, output 1630680373 (0 descendants)
EXECUTION TRACE: Task #3866157679: depth 9, type 2, seed 3866157679, output 2759010252 (0 descendants)
EXECUTION TRACE: Task #1165749729: depth 9, type 3, seed 1165749729, output 7977 (0 descendants)
EXECUTION TRACE: Task #481826752: depth 9, type 5, seed 481826752, output 1479050608 (0 descendants)
EXECUTION TRACE: Task #1832169071: depth 9, type 2, seed 1832169071, output 2458893616 (0 descendants)
EXECUTION TRACE: Task #168796668: depth 9, type 1, seed 168796668, output 1960 (0 descendants)
EXECUTION TRACE: Task #2694688289: depth 9, type 2, seed 2694688289, output 2983303547 (0 descendants)
EXECUTION TRACE: Task #74998844: depth 9, type 4, seed 74998844, output 1681023798 (0 descendants)
EXECUTION TRACE: Task #720378144: depth 9, type 3, seed 720378144, output 7014 (0 descendants)
EXECUTION TRACE: Task #4095878207: depth 9, type 4, seed 4095878207, output 926364468 (0 descendants)
EXECUTION TRACE: Task #2749356442: depth 9, type 3, seed 2749356442, output 14310 (0 descendants)
EXECUTION TRACE: Task #2324086967: depth 9, type 1, seed 2324086967, output 21486 (0 descendants)
EXECUTION TRACE: Task #2059750351: depth 9, type 3, seed 2059750351, output 7477 (0 descendants)
EXECUTION TRACE: Task #468486245: depth 9, type 5, seed 468486245, output 1989426524 (0 descendants)
EXECUTION TRACE: Task #2356174648: depth 9, type 1, seed 2356174648, output 12303 (0 descendants)
EXECUTION TRACE: Task #2768063669: depth 9, type 3, seed 2768063669, output 15830 (0 descendants)
EXECUTION TRACE: Task #3750004171: depth 9, type 3, seed 3750004171, output 9960 (0 descendants)
EXECUTION TRACE: Task #3710488044: depth 9, type 1, seed 3710488044, output 60796 (0 descendants)
EXECUTION TRACE: Task #2226037754: depth 9, type 2, seed 2226037754, output 807311411 (0 descendants)
EXECUTION TRACE: Task #3636555292: depth 9, type 4, seed 3636555292, output 1667576420 (0 descendants)
EXECUTION TRACE: Task #2651041441: depth 9, type 2, seed 2651041441, output 413330425 (0 descendants)
EXECUTION TRACE: Task #3998999678: depth 9, type 5, seed 3998999678, output 1679264224 (0 descendants)
EXECUTION TRACE: Task #2766474037: depth 9, type 5, seed 2766474037, output 3302989530 (0 descendants)
EXECUTION TRACE: Task #193004376: depth 9, type 3, seed 193004376, output 12221 (0 descendants)
EXECUTION TRACE: Task #1628320078: depth 9, type 3, seed 1628320078, output 13543 (0 descendants)
EXECUTION TRACE: Task #1173655060: depth 9, type 1, seed 1173655060, output 63668 (0 descendants)
EXECUTION TRACE: Task #3332856652: depth 9, type 5, seed 3332856652, output 2485731614 (0 descendants)
EXECUTION TRACE: Task #3135969710: depth 9, type 1, seed 3135969710, output 75458 (0 descendants)
EXECUTION TRACE: Task #2781305093: depth 9, type 3, seed 2781305093, output 9394 (0 descendants)
EXECUTION TRACE: Task #1856907123: depth 9, type 2, seed 1856907123, output 4227926832 (0 descendants)
EXECUTION TRACE: Task #2177498801: depth 9, type 3, seed 2177498801, output 11584 (0 descendants)
EXECUTION TRACE: Task #740256547: depth 9, type 4, seed 740256547, output 862283361 (0 descendants)
EXECUTION TRACE: Task #2393117904: depth 9, type 4, seed 2393117904, output 926495029 (0 descendants)
EXECUTION TRACE: Task #1370285571: depth 9, type 4, seed 1370285571, output 909403440 (0 descendants)
EXECUTION TRACE: Task #2889151645: depth 9, type 4, seed 2889151645, output 1633825894 (0 descendants)
EXECUTION TRACE: Task #400479851: depth 9, type 3, seed 400479851, output 8358 (0 descendants)
EXECUTION TRACE: Task #2303286364: depth 9, type 2, seed 2303286364, output 2320395090 (0 descendants)
EXECUTION TRACE: Task #596447260: depth 9, type 1, seed 596447260, output 9702 (0 descendants)
EXECUTION TRACE: Task #157870292: depth 9, type 2, seed 157870292, output 3021680481 (0 descendants)
EXECUTION TRACE: Task #3877733734: depth 9, type 4, seed 3877733734, output 828454449 (0 descendants)
EXECUTION TRACE: Task #383788510: depth 9, type 4, seed 383788510, output 811676464 (0 descendants)
EXECUTION TRACE: Task #2046786569: depth 9, type 5, seed 2046786569, output 4002677707 (0 descendants)
EXECUTION TRACE: Task #1286589323: depth 9, type 4, seed 1286589323, output 912406114 (0 descendants)
EXECUTION TRACE: Task #2721493114: depth 9, type 4, seed 2721493114, output 811872612 (0 descendants)
EXECUTION TRACE: Task #3254375472: depth 9, type 5, seed 3254375472, output 1464012080 (0 descendants)
EXECUTION TRACE: Task #2725112155: depth 9, type 5, seed 2725112155, output 2093536248 (0 descendants)
EXECUTION TRACE: Task #2843849260: depth 9, type 4, seed 2843849260, output 1647534693 (0 descendants)
EXECUTION TRACE: Task #3867899531: depth 9, type 1, seed 3867899531, output 27027 (0 descendants)
EXECUTION TRACE: Task #4165760648: depth 9, type 4, seed 4165760648, output 1630560612 (0 descendants)
EXECUTION TRACE: Task #3514758269: depth 9, type 3, seed 3514758269, output 12915 (0 descendants)
EXECUTION TRACE: Task #575076026: depth 9, type 1, seed 575076026, output 56100 (0 descendants)
EXECUTION TRACE: Task #951404507: depth 9, type 3, seed 951404507, output 14155 (0 descendants)
EXECUTION TRACE: Task #2995529632: depth 9, type 5, seed 2995529632, output 270100770 (0 descendants)
EXECUTION TRACE: Task #2669216530: depth 9, type 1, seed 2669216530, output 72724 (0 descendants)
EXECUTION TRACE: Task #2865231859: depth 9, type 1, seed 2865231859, output 42134 (0 descendants)
EXECUTION TRACE: Task #2312722635: depth 9, type 1, seed 2312722635, output 46407 (0 descendants)
EXECUTION TRACE: Task #2077661249: depth 9, type 1, seed 2077661249, output 57691 (0 descendants)
EXECUTION TRACE: Task #434510033: depth 9, type 5, seed 434510033, output 3764055810 (0 descendants)
EXECUTION TRACE: Task #1005915787: depth 9, type 3, seed 1005915787, output 14509 (0 descendants)
EXECUTION TRACE: Task #1835910466: depth 9, type 2, seed 1835910466, output 3822208795 (0 descendants)
EXECUTION TRACE: Task #1707616093: depth 9, type 4, seed 1707616093, output 878928435 (0 descendants)
EXECUTION TRACE: Task #2131474498: depth 9, type 4, seed 2131474498, output 946024760 (0 descendants)
EXECUTION TRACE: Task #725755357: depth 9, type 4, seed 725755357, output 959459938 (0 descendants)
EXECUTION TRACE: Task #2482758536: depth 9, type 3, seed 2482758536, output 9966 (0 descendants)
EXECUTION TRACE: Task #2594963097: depth 9, type 2, seed 2594963097, output 432723185 (0 descendants)
EXECUTION TRACE: Task #12720219: depth 9, type 5, seed 12720219, output 2315092706 (0 descendants)
EXECUTION TRACE: Task #394472905: depth 9, type 1, seed 394472905, output 34230 (0 descendants)
EXECUTION TRACE: Task #3061432303: depth 9, type 1, seed 3061432303, output 40777 (0 descendants)
EXECUTION TRACE: Task #2224671078: depth 9, type 3, seed 2224671078, output 7644 (0 descendants)
EXECUTION TRACE: Task #2648339863: depth 9, type 2, seed 2648339863, output 1751050856 (0 descendants)
EXECUTION TRACE: Task #759857881: depth 9, type 3, seed 759857881, output 8439 (0 descendants)
EXECUTION TRACE: Task #573288179: depth 9, type 2, seed 573288179, output 1577530828 (0 descendants)
EXECUTION TRACE: Task #1144208661: depth 9, type 5, seed 1144208661, output 838286223 (0 descendants)
EXECUTION TRACE: Task #2306800794: depth 9, type 4, seed 2306800794, output 1634088248 (0 descendants)
EXECUTION TRACE: Task #2607959388: depth 9, type 2, seed 2607959388, output 1209339745 (0 descendants)
EXECUTION TRACE: Task #2563614789: depth 9, type 5, seed 2563614789, output 772601894 (0 descendants)
EXECUTION TRACE: Task #933243804: depth 9, type 1, seed 933243804, output 78091 (0 descendants)
EXECUTION TRACE: Task #1892417154: depth 9, type 1, seed 1892417154, output 69429 (0 descendants)
EXECUTION TRACE: Task #126772349: depth 9, type 1, seed 126772349, output 69541 (0 descendants)
EXECUTION TRACE: Task #2959959718: depth 9, type 4, seed 2959959718, output 859202096 (0 descendants)
EXECUTION TRACE: Task #3928815619: depth 9, type 1, seed 3928815619, output 49262 (0 descendants)
EXECUTION TRACE: Task #427350570: depth 9, type 5, seed 427350570, output 2138864854 (0 descendants)
EXECUTION TRACE: Task #3534513450: depth 9, type 2, seed 3534513450, output 3778611573 (0 descendants)
EXECUTION TRACE: Task #1282233348: depth 9, type 2, seed 1282233348, output 1205001780 (0 descendants)
EXECUTION TRACE: Task #1570701741: depth 9, type 5, seed 1570701741, output 3355092397 (0 descendants)
EXECUTION TRACE: Task #3058833499: depth 9, type 1, seed 3058833499, output 50112 (0 descendants)
EXECUTION TRACE: Task #3398130602: depth 9, type 2, seed 3398130602, output 1683885599 (0 descendants)
EXECUTION TRACE: Task #3719420447: depth 9, type 1, seed 3719420447, output 13071 (0 descendants)
========================== START EXECUTION METRIC BLOCK FOR VERIFICATION ==========================
Rank 0: 63798ms of 63944ms (0.99772) - completed: 86 68 66 60 64
Overall: 63798ms of 63944ms (0.99772) - completed: 86 68 66 60 64
FINAL RUNTIME: 63944ms
========================== END EXECUTION METRIC BLOCK FOR VERIFICATION ==========================
+ set +x
